---
source: src/api/views.rs
expression: sql
---
WITH Transfer AS (
    SELECT block_num, block_timestamp, log_idx, tx_idx, 
           concat('0x', lower(substring(tx_hash, 3))) AS tx_hash,
           concat('0x', lower(substring(address, 3))) AS address, selector, topic1, topic2, topic3, data, concat('0x', lower(substring(topic1, 27))) AS "from", concat('0x', lower(substring(topic2, 27))) AS "to", reinterpretAsUInt256(reverse(unhex(substring(data, 3, 64)))) AS "value"
    FROM logs
    WHERE selector = '0xddf252ad1be2c89b69c2b068fc378daa952ba7f163c4a11628f55a4df523b3ef'
) SELECT 
                address as token,
                holder,
                SUM(delta) as balance
            FROM (
                SELECT address, "to" as holder, CAST("value" AS Int256) as delta FROM Transfer
                UNION ALL
                SELECT address, "from" as holder, -CAST("value" AS Int256) as delta FROM Transfer
            )
            GROUP BY token, holder
            HAVING balance > 0
